[euro2024sol.top/index.html]
[backblue.gif]
[fade.gif]
[index.html]
[assets.zyrosite.com/cdn-cgi/image/format=auto,w=48,h=48,fit=crop,f=png/YrDarqbrZEHg2Mow/logo-no-bg-AoPe5z7X3xfKw2x5.png]
[euro2024sol.top/_astro-1718464459083/_slug_.C9qfeyRx.css]
[euro2024sol.top/t]
[assets.zyrosite.com/cdn-cgi/image/format=auto,w=1920,fit=crop/YrDarqbrZEHg2Mow/cartoon-style-professional-soccer-player_23-2151502457-Y4L4Q3be7yc49nvJ.jpg]
[assets.zyrosite.com/cdn-cgi/image/format=auto,w=709,h=704,fit=crop/YrDarqbrZEHg2Mow/logo-no-bg-AoPe5z7X3xfKw2x5.png]
[assets.zyrosite.com/cdn-cgi/image/format=auto,w=328,h=317,fit=crop/YrDarqbrZEHg2Mow/logo-no-bg-AoPe5z7X3xfKw2x5.png]
[assets.zyrosite.com/cdn-cgi/image/format=auto,w=184,h=48,fit=crop/YrDarqbrZEHg2Mow/welcome-YanB83G5G3T3RL0G.png]
[assets.zyrosite.com/cdn-cgi/image/format=auto,w=136,h=36,fit=crop/YrDarqbrZEHg2Mow/welcome-YanB83G5G3T3RL0G.png]
[assets.zyrosite.com/cdn-cgi/image/format=auto,w=606,h=560,fit=crop/YrDarqbrZEHg2Mow/logo-A0xNJ2ny9MIWpN1Z.png]
[assets.zyrosite.com/cdn-cgi/image/format=auto,w=328,h=275,fit=crop/YrDarqbrZEHg2Mow/logo-A0xNJ2ny9MIWpN1Z.png]
[assets.zyrosite.com/cdn-cgi/image/format=auto,w=1224,h=413,fit=crop/YrDarqbrZEHg2Mow/banner-ALpJkDz4p8Tyz3vv.png]
[assets.zyrosite.com/cdn-cgi/image/format=auto,w=328,h=112,fit=crop/YrDarqbrZEHg2Mow/banner-ALpJkDz4p8Tyz3vv.jpg]
[assets.zyrosite.com/cdn-cgi/image/format=auto,w=360,h=93,fit=crop/YrDarqbrZEHg2Mow/text-mjE2a0OnQ2iKKyyJ.png]
[assets.zyrosite.com/cdn-cgi/image/format=auto,w=170,h=56,fit=crop/YrDarqbrZEHg2Mow/text-mjE2a0OnQ2iKKyyJ.png]
[euro2024sol.top/index.html]
[euro2024sol.top/_astro-1718464459083/_slug_.C9qfeyRx.css]
[euro2024sol.top/t.html]
